// Jest Snapshot v1, https://goo.gl/fbAQLP

exports[`Skeleton test Should render correctly 1`] = `
<div>
  <div
    class="animate-shimmer bg-[#f6f7f8]"
    style="background-size: 700px 100%; background-repeat: no-repeat;"
  />
</div>
`;
